// Jest Snapshot v1, https://goo.gl/fbAQLP

exports[`Config page should render 1`] = `
<div>
  <div
    class="card"
  >
    <section>
      <h2>
        Let's begin!
      </h2>
      <form>
        <div
          class="grupo-input-btn"
        >
          <input
            placeholder="Insert the names of all participants"
            type="text"
            value=""
          />
          <button
            disabled=""
          >
            Add
          </button>
        </div>
        
      </form>
      <ul />
      <footer
        class="footer-configs"
      >
        <button
          class="button"
          disabled=""
        >
          Start game
        </button>
        <img
          alt="Sacolas de compras"
          src="/images/sacolas.png"
        />
      </footer>
    </section>
  </div>
</div>
`;
